[04-Mar-2026 03:18:09 UTC] SECURITY: JWT_SECRET is not set or is using the default placeholder value.
[04-Mar-2026 03:18:09 UTC] SECURITY WARNING: JWT_SECRET is not configured. Set a strong secret in .env
[04-Mar-2026 03:18:10 UTC] SECURITY: JWT_SECRET is not set or is using the default placeholder value.
[04-Mar-2026 03:18:10 UTC] SECURITY WARNING: JWT_SECRET is not configured. Set a strong secret in .env
[04-Mar-2026 03:18:11 UTC] SECURITY: JWT_SECRET is not set or is using the default placeholder value.
[04-Mar-2026 03:18:11 UTC] SECURITY WARNING: JWT_SECRET is not configured. Set a strong secret in .env
[04-Mar-2026 03:18:12 UTC] SECURITY: JWT_SECRET is not set or is using the default placeholder value.
[04-Mar-2026 03:18:12 UTC] SECURITY WARNING: JWT_SECRET is not configured. Set a strong secret in .env
[04-Mar-2026 03:18:12 UTC] SECURITY: JWT_SECRET is not set or is using the default placeholder value.
[04-Mar-2026 03:18:12 UTC] SECURITY WARNING: JWT_SECRET is not configured. Set a strong secret in .env
[04-Mar-2026 03:18:13 UTC] SECURITY: JWT_SECRET is not set or is using the default placeholder value.
[04-Mar-2026 03:18:13 UTC] SECURITY WARNING: JWT_SECRET is not configured. Set a strong secret in .env
[04-Mar-2026 03:18:28 UTC] SECURITY: JWT_SECRET is not set or is using the default placeholder value.
[04-Mar-2026 03:18:28 UTC] SECURITY WARNING: JWT_SECRET is not configured. Set a strong secret in .env
[04-Mar-2026 03:18:30 UTC] SECURITY: JWT_SECRET is not set or is using the default placeholder value.
[04-Mar-2026 03:18:30 UTC] SECURITY WARNING: JWT_SECRET is not configured. Set a strong secret in .env
[04-Mar-2026 03:18:46 UTC] SECURITY: JWT_SECRET is not set or is using the default placeholder value.
[04-Mar-2026 03:18:46 UTC] SECURITY WARNING: JWT_SECRET is not configured. Set a strong secret in .env
[04-Mar-2026 03:18:47 UTC] SECURITY: JWT_SECRET is not set or is using the default placeholder value.
[04-Mar-2026 03:18:47 UTC] SECURITY WARNING: JWT_SECRET is not configured. Set a strong secret in .env
[04-Mar-2026 03:18:58 UTC] SECURITY: JWT_SECRET is not set or is using the default placeholder value.
[04-Mar-2026 03:18:58 UTC] SECURITY WARNING: JWT_SECRET is not configured. Set a strong secret in .env
[04-Mar-2026 03:18:58 UTC] SECURITY: JWT_SECRET is not set or is using the default placeholder value.
[04-Mar-2026 03:18:58 UTC] SECURITY WARNING: JWT_SECRET is not configured. Set a strong secret in .env
[04-Mar-2026 03:19:15 UTC] SECURITY: JWT_SECRET is not set or is using the default placeholder value.
[04-Mar-2026 03:19:16 UTC] SECURITY WARNING: JWT_SECRET is not configured. Set a strong secret in .env
[04-Mar-2026 03:19:17 UTC] SECURITY: JWT_SECRET is not set or is using the default placeholder value.
[04-Mar-2026 03:19:17 UTC] SECURITY WARNING: JWT_SECRET is not configured. Set a strong secret in .env
[04-Mar-2026 03:19:34 UTC] SECURITY: JWT_SECRET is not set or is using the default placeholder value.
[04-Mar-2026 03:19:34 UTC] SECURITY WARNING: JWT_SECRET is not configured. Set a strong secret in .env
[04-Mar-2026 03:19:35 UTC] SECURITY: JWT_SECRET is not set or is using the default placeholder value.
[04-Mar-2026 03:19:35 UTC] SECURITY WARNING: JWT_SECRET is not configured. Set a strong secret in .env
[04-Mar-2026 03:19:45 UTC] SECURITY: JWT_SECRET is not set or is using the default placeholder value.
[04-Mar-2026 03:19:45 UTC] SECURITY WARNING: JWT_SECRET is not configured. Set a strong secret in .env
[04-Mar-2026 03:19:45 UTC] SECURITY: JWT_SECRET is not set or is using the default placeholder value.
[04-Mar-2026 03:19:45 UTC] SECURITY WARNING: JWT_SECRET is not configured. Set a strong secret in .env
[04-Mar-2026 03:19:59 UTC] SECURITY: JWT_SECRET is not set or is using the default placeholder value.
[04-Mar-2026 03:19:59 UTC] SECURITY WARNING: JWT_SECRET is not configured. Set a strong secret in .env
[04-Mar-2026 03:19:59 UTC] SECURITY: JWT_SECRET is not set or is using the default placeholder value.
[04-Mar-2026 03:19:59 UTC] SECURITY WARNING: JWT_SECRET is not configured. Set a strong secret in .env
[04-Mar-2026 03:20:12 UTC] SECURITY: JWT_SECRET is not set or is using the default placeholder value.
[04-Mar-2026 03:20:12 UTC] SECURITY WARNING: JWT_SECRET is not configured. Set a strong secret in .env
[04-Mar-2026 03:20:12 UTC] SECURITY: JWT_SECRET is not set or is using the default placeholder value.
[04-Mar-2026 03:20:12 UTC] SECURITY WARNING: JWT_SECRET is not configured. Set a strong secret in .env
[04-Mar-2026 03:20:28 UTC] SECURITY: JWT_SECRET is not set or is using the default placeholder value.
[04-Mar-2026 03:20:28 UTC] SECURITY WARNING: JWT_SECRET is not configured. Set a strong secret in .env
[04-Mar-2026 03:20:28 UTC] SECURITY: JWT_SECRET is not set or is using the default placeholder value.
[04-Mar-2026 03:20:28 UTC] SECURITY WARNING: JWT_SECRET is not configured. Set a strong secret in .env
[04-Mar-2026 03:20:43 UTC] SECURITY: JWT_SECRET is not set or is using the default placeholder value.
[04-Mar-2026 03:20:43 UTC] SECURITY WARNING: JWT_SECRET is not configured. Set a strong secret in .env
[04-Mar-2026 03:20:43 UTC] SECURITY: JWT_SECRET is not set or is using the default placeholder value.
[04-Mar-2026 03:20:43 UTC] SECURITY WARNING: JWT_SECRET is not configured. Set a strong secret in .env
[04-Mar-2026 03:20:58 UTC] SECURITY: JWT_SECRET is not set or is using the default placeholder value.
[04-Mar-2026 03:20:58 UTC] SECURITY WARNING: JWT_SECRET is not configured. Set a strong secret in .env
[04-Mar-2026 03:20:58 UTC] SECURITY: JWT_SECRET is not set or is using the default placeholder value.
[04-Mar-2026 03:20:58 UTC] SECURITY WARNING: JWT_SECRET is not configured. Set a strong secret in .env
[04-Mar-2026 03:21:12 UTC] SECURITY: JWT_SECRET is not set or is using the default placeholder value.
[04-Mar-2026 03:21:12 UTC] SECURITY WARNING: JWT_SECRET is not configured. Set a strong secret in .env
[04-Mar-2026 03:21:13 UTC] SECURITY: JWT_SECRET is not set or is using the default placeholder value.
[04-Mar-2026 03:21:13 UTC] SECURITY WARNING: JWT_SECRET is not configured. Set a strong secret in .env
[04-Mar-2026 03:21:28 UTC] SECURITY: JWT_SECRET is not set or is using the default placeholder value.
[04-Mar-2026 03:21:28 UTC] SECURITY WARNING: JWT_SECRET is not configured. Set a strong secret in .env
[04-Mar-2026 03:21:28 UTC] SECURITY: JWT_SECRET is not set or is using the default placeholder value.
[04-Mar-2026 03:21:29 UTC] SECURITY WARNING: JWT_SECRET is not configured. Set a strong secret in .env
[04-Mar-2026 03:21:43 UTC] SECURITY: JWT_SECRET is not set or is using the default placeholder value.
[04-Mar-2026 03:21:43 UTC] SECURITY WARNING: JWT_SECRET is not configured. Set a strong secret in .env
[04-Mar-2026 03:21:45 UTC] SECURITY: JWT_SECRET is not set or is using the default placeholder value.
[04-Mar-2026 03:21:45 UTC] SECURITY WARNING: JWT_SECRET is not configured. Set a strong secret in .env
[04-Mar-2026 03:21:54 UTC] SECURITY: JWT_SECRET is not set or is using the default placeholder value.
[04-Mar-2026 03:21:54 UTC] SECURITY WARNING: JWT_SECRET is not configured. Set a strong secret in .env
[04-Mar-2026 03:21:56 UTC] SECURITY: JWT_SECRET is not set or is using the default placeholder value.
[04-Mar-2026 03:21:56 UTC] SECURITY WARNING: JWT_SECRET is not configured. Set a strong secret in .env
[04-Mar-2026 03:21:56 UTC] SECURITY: JWT_SECRET is not set or is using the default placeholder value.
[04-Mar-2026 03:21:56 UTC] SECURITY WARNING: JWT_SECRET is not configured. Set a strong secret in .env
[04-Mar-2026 03:21:56 UTC] SECURITY: JWT_SECRET is not set or is using the default placeholder value.
[04-Mar-2026 03:21:56 UTC] SECURITY WARNING: JWT_SECRET is not configured. Set a strong secret in .env
[04-Mar-2026 03:21:57 UTC] SECURITY: JWT_SECRET is not set or is using the default placeholder value.
[04-Mar-2026 03:21:57 UTC] SECURITY WARNING: JWT_SECRET is not configured. Set a strong secret in .env
[04-Mar-2026 03:21:57 UTC] SECURITY: JWT_SECRET is not set or is using the default placeholder value.
[04-Mar-2026 03:21:57 UTC] SECURITY WARNING: JWT_SECRET is not configured. Set a strong secret in .env
[04-Mar-2026 03:21:58 UTC] SECURITY: JWT_SECRET is not set or is using the default placeholder value.
[04-Mar-2026 03:21:58 UTC] SECURITY WARNING: JWT_SECRET is not configured. Set a strong secret in .env
[04-Mar-2026 03:21:58 UTC] SECURITY: JWT_SECRET is not set or is using the default placeholder value.
[04-Mar-2026 03:21:58 UTC] SECURITY WARNING: JWT_SECRET is not configured. Set a strong secret in .env
[04-Mar-2026 03:21:58 UTC] SECURITY: JWT_SECRET is not set or is using the default placeholder value.
[04-Mar-2026 03:21:58 UTC] SECURITY WARNING: JWT_SECRET is not configured. Set a strong secret in .env
[04-Mar-2026 03:21:58 UTC] SECURITY: JWT_SECRET is not set or is using the default placeholder value.
[04-Mar-2026 03:21:58 UTC] SECURITY WARNING: JWT_SECRET is not configured. Set a strong secret in .env
[04-Mar-2026 03:22:09 UTC] SECURITY: JWT_SECRET is not set or is using the default placeholder value.
[04-Mar-2026 03:22:09 UTC] SECURITY: JWT_SECRET is not set or is using the default placeholder value.
[04-Mar-2026 03:22:09 UTC] SECURITY WARNING: JWT_SECRET is not configured. Set a strong secret in .env
[04-Mar-2026 03:22:10 UTC] SECURITY: JWT_SECRET is not set or is using the default placeholder value.
[04-Mar-2026 03:22:10 UTC] SECURITY WARNING: JWT_SECRET is not configured. Set a strong secret in .env
[04-Mar-2026 03:22:13 UTC] SECURITY: JWT_SECRET is not set or is using the default placeholder value.
[04-Mar-2026 03:22:13 UTC] SECURITY WARNING: JWT_SECRET is not configured. Set a strong secret in .env
[04-Mar-2026 03:22:13 UTC] SECURITY: JWT_SECRET is not set or is using the default placeholder value.
[04-Mar-2026 03:22:13 UTC] SECURITY WARNING: JWT_SECRET is not configured. Set a strong secret in .env
[04-Mar-2026 03:22:23 UTC] SECURITY: JWT_SECRET is not set or is using the default placeholder value.
[04-Mar-2026 03:22:23 UTC] SECURITY WARNING: JWT_SECRET is not configured. Set a strong secret in .env
[04-Mar-2026 03:22:23 UTC] [MiniApp] createTicket called with subject: sage 300 black screen
[04-Mar-2026 03:22:23 UTC] [MiniApp] Telegram user validated: 768732984
[04-Mar-2026 03:22:23 UTC] [MiniApp] User found: kongmeng_hay@telegram.local
[04-Mar-2026 03:22:24 UTC] [TelegramAgentNotifier] Skip: No Telegram chat_id found for assigned user.
[04-Mar-2026 03:22:24 UTC] [MiniApp] Ticket created: TKT-000001
[04-Mar-2026 03:22:27 UTC] SECURITY: JWT_SECRET is not set or is using the default placeholder value.
[04-Mar-2026 03:22:27 UTC] SECURITY WARNING: JWT_SECRET is not configured. Set a strong secret in .env
[04-Mar-2026 03:22:28 UTC] SECURITY: JWT_SECRET is not set or is using the default placeholder value.
[04-Mar-2026 03:22:28 UTC] SECURITY WARNING: JWT_SECRET is not configured. Set a strong secret in .env
[04-Mar-2026 03:22:28 UTC] [MiniApp] myTickets called
[04-Mar-2026 03:22:28 UTC] [MiniApp] Found 1 tickets
[04-Mar-2026 03:22:29 UTC] SECURITY: JWT_SECRET is not set or is using the default placeholder value.
[04-Mar-2026 03:22:29 UTC] SECURITY WARNING: JWT_SECRET is not configured. Set a strong secret in .env
[04-Mar-2026 03:22:29 UTC] SECURITY: JWT_SECRET is not set or is using the default placeholder value.
[04-Mar-2026 03:22:29 UTC] SECURITY WARNING: JWT_SECRET is not configured. Set a strong secret in .env
[04-Mar-2026 03:22:29 UTC] SECURITY: JWT_SECRET is not set or is using the default placeholder value.
[04-Mar-2026 03:22:29 UTC] SECURITY WARNING: JWT_SECRET is not configured. Set a strong secret in .env
[04-Mar-2026 03:22:29 UTC] [MiniApp] getTicket called for ID: 814
[04-Mar-2026 03:22:29 UTC] [MiniApp] Found ticket with 1 messages
[04-Mar-2026 03:22:32 UTC] SECURITY: JWT_SECRET is not set or is using the default placeholder value.
[04-Mar-2026 03:22:32 UTC] SECURITY WARNING: JWT_SECRET is not configured. Set a strong secret in .env
[04-Mar-2026 03:22:33 UTC] SECURITY: JWT_SECRET is not set or is using the default placeholder value.
[04-Mar-2026 03:22:33 UTC] SECURITY WARNING: JWT_SECRET is not configured. Set a strong secret in .env
[04-Mar-2026 03:22:44 UTC] SECURITY: JWT_SECRET is not set or is using the default placeholder value.
[04-Mar-2026 03:22:44 UTC] SECURITY WARNING: JWT_SECRET is not configured. Set a strong secret in .env
[04-Mar-2026 03:22:44 UTC] SECURITY: JWT_SECRET is not set or is using the default placeholder value.
[04-Mar-2026 03:22:44 UTC] SECURITY WARNING: JWT_SECRET is not configured. Set a strong secret in .env
[04-Mar-2026 03:22:45 UTC] SECURITY: JWT_SECRET is not set or is using the default placeholder value.
[04-Mar-2026 03:22:45 UTC] SECURITY WARNING: JWT_SECRET is not configured. Set a strong secret in .env
[04-Mar-2026 03:22:46 UTC] SECURITY: JWT_SECRET is not set or is using the default placeholder value.
[04-Mar-2026 03:22:46 UTC] SECURITY WARNING: JWT_SECRET is not configured. Set a strong secret in .env
[04-Mar-2026 03:22:46 UTC] SECURITY: JWT_SECRET is not set or is using the default placeholder value.
[04-Mar-2026 03:22:46 UTC] SECURITY WARNING: JWT_SECRET is not configured. Set a strong secret in .env
[04-Mar-2026 03:22:46 UTC] SECURITY: JWT_SECRET is not set or is using the default placeholder value.
[04-Mar-2026 03:22:46 UTC] SECURITY WARNING: JWT_SECRET is not configured. Set a strong secret in .env
[04-Mar-2026 03:22:46 UTC] SECURITY: JWT_SECRET is not set or is using the default placeholder value.
[04-Mar-2026 03:22:46 UTC] SECURITY WARNING: JWT_SECRET is not configured. Set a strong secret in .env
[04-Mar-2026 03:22:48 UTC] SECURITY: JWT_SECRET is not set or is using the default placeholder value.
[04-Mar-2026 03:22:48 UTC] SECURITY WARNING: JWT_SECRET is not configured. Set a strong secret in .env
[04-Mar-2026 03:22:48 UTC] SECURITY: JWT_SECRET is not set or is using the default placeholder value.
[04-Mar-2026 03:22:48 UTC] SECURITY WARNING: JWT_SECRET is not configured. Set a strong secret in .env
[04-Mar-2026 03:22:49 UTC] SECURITY: JWT_SECRET is not set or is using the default placeholder value.
[04-Mar-2026 03:22:49 UTC] SECURITY WARNING: JWT_SECRET is not configured. Set a strong secret in .env
[04-Mar-2026 03:22:49 UTC] SECURITY: JWT_SECRET is not set or is using the default placeholder value.
[04-Mar-2026 03:22:49 UTC] SECURITY WARNING: JWT_SECRET is not configured. Set a strong secret in .env
[04-Mar-2026 03:22:49 UTC] SECURITY: JWT_SECRET is not set or is using the default placeholder value.
[04-Mar-2026 03:22:49 UTC] SECURITY WARNING: JWT_SECRET is not configured. Set a strong secret in .env
[04-Mar-2026 03:23:03 UTC] SECURITY: JWT_SECRET is not set or is using the default placeholder value.
[04-Mar-2026 03:23:03 UTC] SECURITY WARNING: JWT_SECRET is not configured. Set a strong secret in .env
[04-Mar-2026 03:23:04 UTC] SECURITY: JWT_SECRET is not set or is using the default placeholder value.
[04-Mar-2026 03:23:04 UTC] SECURITY WARNING: JWT_SECRET is not configured. Set a strong secret in .env
[04-Mar-2026 03:23:20 UTC] SECURITY: JWT_SECRET is not set or is using the default placeholder value.
[04-Mar-2026 03:23:20 UTC] SECURITY WARNING: JWT_SECRET is not configured. Set a strong secret in .env
[04-Mar-2026 03:23:20 UTC] SECURITY: JWT_SECRET is not set or is using the default placeholder value.
[04-Mar-2026 03:23:20 UTC] SECURITY WARNING: JWT_SECRET is not configured. Set a strong secret in .env
[04-Mar-2026 03:23:21 UTC] SECURITY: JWT_SECRET is not set or is using the default placeholder value.
[04-Mar-2026 03:23:21 UTC] SECURITY WARNING: JWT_SECRET is not configured. Set a strong secret in .env
[04-Mar-2026 03:23:22 UTC] SECURITY: JWT_SECRET is not set or is using the default placeholder value.
[04-Mar-2026 03:23:22 UTC] SECURITY WARNING: JWT_SECRET is not configured. Set a strong secret in .env
[04-Mar-2026 03:23:22 UTC] SECURITY: JWT_SECRET is not set or is using the default placeholder value.
[04-Mar-2026 03:23:22 UTC] SECURITY WARNING: JWT_SECRET is not configured. Set a strong secret in .env
[04-Mar-2026 03:23:23 UTC] SECURITY: JWT_SECRET is not set or is using the default placeholder value.
[04-Mar-2026 03:23:23 UTC] SECURITY WARNING: JWT_SECRET is not configured. Set a strong secret in .env
[04-Mar-2026 03:23:23 UTC] SECURITY: JWT_SECRET is not set or is using the default placeholder value.
[04-Mar-2026 03:23:23 UTC] SECURITY WARNING: JWT_SECRET is not configured. Set a strong secret in .env
[04-Mar-2026 03:23:36 UTC] SECURITY: JWT_SECRET is not set or is using the default placeholder value.
[04-Mar-2026 03:23:36 UTC] SECURITY WARNING: JWT_SECRET is not configured. Set a strong secret in .env
[04-Mar-2026 03:23:37 UTC] SECURITY: JWT_SECRET is not set or is using the default placeholder value.
[04-Mar-2026 03:23:37 UTC] SECURITY WARNING: JWT_SECRET is not configured. Set a strong secret in .env
[04-Mar-2026 03:23:41 UTC] SECURITY: JWT_SECRET is not set or is using the default placeholder value.
[04-Mar-2026 03:23:41 UTC] SECURITY WARNING: JWT_SECRET is not configured. Set a strong secret in .env
[04-Mar-2026 03:23:42 UTC] SECURITY: JWT_SECRET is not set or is using the default placeholder value.
[04-Mar-2026 03:23:42 UTC] SECURITY WARNING: JWT_SECRET is not configured. Set a strong secret in .env
[04-Mar-2026 03:23:42 UTC] SECURITY: JWT_SECRET is not set or is using the default placeholder value.
[04-Mar-2026 03:23:42 UTC] SECURITY WARNING: JWT_SECRET is not configured. Set a strong secret in .env
[04-Mar-2026 03:23:42 UTC] SECURITY: JWT_SECRET is not set or is using the default placeholder value.
[04-Mar-2026 03:23:42 UTC] SECURITY WARNING: JWT_SECRET is not configured. Set a strong secret in .env
[04-Mar-2026 03:23:54 UTC] SECURITY: JWT_SECRET is not set or is using the default placeholder value.
[04-Mar-2026 03:23:55 UTC] SECURITY WARNING: JWT_SECRET is not configured. Set a strong secret in .env
[04-Mar-2026 03:23:55 UTC] SECURITY: JWT_SECRET is not set or is using the default placeholder value.
[04-Mar-2026 03:23:55 UTC] SECURITY WARNING: JWT_SECRET is not configured. Set a strong secret in .env
[04-Mar-2026 03:24:09 UTC] SECURITY: JWT_SECRET is not set or is using the default placeholder value.
[04-Mar-2026 03:24:09 UTC] SECURITY WARNING: JWT_SECRET is not configured. Set a strong secret in .env
[04-Mar-2026 03:24:10 UTC] SECURITY: JWT_SECRET is not set or is using the default placeholder value.
[04-Mar-2026 03:24:10 UTC] SECURITY WARNING: JWT_SECRET is not configured. Set a strong secret in .env
[04-Mar-2026 03:24:25 UTC] SECURITY: JWT_SECRET is not set or is using the default placeholder value.
[04-Mar-2026 03:24:25 UTC] SECURITY WARNING: JWT_SECRET is not configured. Set a strong secret in .env
[04-Mar-2026 03:24:23 UTC] SECURITY: JWT_SECRET is not set or is using the default placeholder value.
[04-Mar-2026 03:24:23 UTC] SECURITY WARNING: JWT_SECRET is not configured. Set a strong secret in .env
[04-Mar-2026 03:24:39 UTC] SECURITY: JWT_SECRET is not set or is using the default placeholder value.
[04-Mar-2026 03:24:39 UTC] SECURITY WARNING: JWT_SECRET is not configured. Set a strong secret in .env
[04-Mar-2026 03:24:40 UTC] SECURITY: JWT_SECRET is not set or is using the default placeholder value.
[04-Mar-2026 03:24:40 UTC] SECURITY WARNING: JWT_SECRET is not configured. Set a strong secret in .env
[04-Mar-2026 03:24:53 UTC] SECURITY: JWT_SECRET is not set or is using the default placeholder value.
[04-Mar-2026 03:24:53 UTC] SECURITY WARNING: JWT_SECRET is not configured. Set a strong secret in .env
[04-Mar-2026 03:24:54 UTC] SECURITY: JWT_SECRET is not set or is using the default placeholder value.
[04-Mar-2026 03:24:54 UTC] SECURITY WARNING: JWT_SECRET is not configured. Set a strong secret in .env
[04-Mar-2026 03:25:09 UTC] SECURITY: JWT_SECRET is not set or is using the default placeholder value.
[04-Mar-2026 03:25:10 UTC] SECURITY WARNING: JWT_SECRET is not configured. Set a strong secret in .env
[04-Mar-2026 03:25:10 UTC] SECURITY: JWT_SECRET is not set or is using the default placeholder value.
[04-Mar-2026 03:25:10 UTC] SECURITY WARNING: JWT_SECRET is not configured. Set a strong secret in .env
[04-Mar-2026 03:26:11 UTC] SECURITY: JWT_SECRET is not set or is using the default placeholder value.
[04-Mar-2026 03:26:11 UTC] SECURITY WARNING: JWT_SECRET is not configured. Set a strong secret in .env
[04-Mar-2026 03:26:12 UTC] SECURITY: JWT_SECRET is not set or is using the default placeholder value.
[04-Mar-2026 03:26:12 UTC] SECURITY WARNING: JWT_SECRET is not configured. Set a strong secret in .env
[04-Mar-2026 03:27:13 UTC] SECURITY: JWT_SECRET is not set or is using the default placeholder value.
[04-Mar-2026 03:27:13 UTC] SECURITY WARNING: JWT_SECRET is not configured. Set a strong secret in .env
[04-Mar-2026 03:27:13 UTC] SECURITY: JWT_SECRET is not set or is using the default placeholder value.
[04-Mar-2026 03:27:13 UTC] SECURITY WARNING: JWT_SECRET is not configured. Set a strong secret in .env
[04-Mar-2026 03:28:11 UTC] SECURITY: JWT_SECRET is not set or is using the default placeholder value.
[04-Mar-2026 03:28:11 UTC] SECURITY WARNING: JWT_SECRET is not configured. Set a strong secret in .env
[04-Mar-2026 03:28:12 UTC] SECURITY: JWT_SECRET is not set or is using the default placeholder value.
[04-Mar-2026 03:28:12 UTC] SECURITY WARNING: JWT_SECRET is not configured. Set a strong secret in .env
[04-Mar-2026 03:29:09 UTC] SECURITY: JWT_SECRET is not set or is using the default placeholder value.
[04-Mar-2026 03:29:09 UTC] SECURITY WARNING: JWT_SECRET is not configured. Set a strong secret in .env
[04-Mar-2026 03:29:09 UTC] SECURITY: JWT_SECRET is not set or is using the default placeholder value.
[04-Mar-2026 03:29:09 UTC] SECURITY WARNING: JWT_SECRET is not configured. Set a strong secret in .env
[04-Mar-2026 03:30:11 UTC] SECURITY: JWT_SECRET is not set or is using the default placeholder value.
[04-Mar-2026 03:30:11 UTC] SECURITY WARNING: JWT_SECRET is not configured. Set a strong secret in .env
[04-Mar-2026 03:30:12 UTC] SECURITY: JWT_SECRET is not set or is using the default placeholder value.
[04-Mar-2026 03:30:12 UTC] SECURITY WARNING: JWT_SECRET is not configured. Set a strong secret in .env
[04-Mar-2026 03:31:10 UTC] SECURITY: JWT_SECRET is not set or is using the default placeholder value.
[04-Mar-2026 03:31:10 UTC] SECURITY WARNING: JWT_SECRET is not configured. Set a strong secret in .env
[04-Mar-2026 03:31:10 UTC] SECURITY: JWT_SECRET is not set or is using the default placeholder value.
[04-Mar-2026 03:31:10 UTC] SECURITY WARNING: JWT_SECRET is not configured. Set a strong secret in .env
[04-Mar-2026 03:32:10 UTC] SECURITY: JWT_SECRET is not set or is using the default placeholder value.
[04-Mar-2026 03:32:10 UTC] SECURITY WARNING: JWT_SECRET is not configured. Set a strong secret in .env
[04-Mar-2026 03:32:10 UTC] SECURITY: JWT_SECRET is not set or is using the default placeholder value.
[04-Mar-2026 03:32:10 UTC] SECURITY WARNING: JWT_SECRET is not configured. Set a strong secret in .env
[04-Mar-2026 03:33:11 UTC] SECURITY: JWT_SECRET is not set or is using the default placeholder value.
[04-Mar-2026 03:33:11 UTC] SECURITY WARNING: JWT_SECRET is not configured. Set a strong secret in .env
[04-Mar-2026 03:33:11 UTC] SECURITY: JWT_SECRET is not set or is using the default placeholder value.
[04-Mar-2026 03:33:11 UTC] SECURITY WARNING: JWT_SECRET is not configured. Set a strong secret in .env
[04-Mar-2026 03:34:10 UTC] SECURITY: JWT_SECRET is not set or is using the default placeholder value.
[04-Mar-2026 03:34:10 UTC] SECURITY WARNING: JWT_SECRET is not configured. Set a strong secret in .env
[04-Mar-2026 03:34:11 UTC] SECURITY: JWT_SECRET is not set or is using the default placeholder value.
[04-Mar-2026 03:34:11 UTC] SECURITY WARNING: JWT_SECRET is not configured. Set a strong secret in .env
[04-Mar-2026 03:35:11 UTC] SECURITY: JWT_SECRET is not set or is using the default placeholder value.
[04-Mar-2026 03:35:11 UTC] SECURITY WARNING: JWT_SECRET is not configured. Set a strong secret in .env
[04-Mar-2026 03:35:11 UTC] SECURITY: JWT_SECRET is not set or is using the default placeholder value.
[04-Mar-2026 03:35:11 UTC] SECURITY WARNING: JWT_SECRET is not configured. Set a strong secret in .env
[04-Mar-2026 03:36:10 UTC] SECURITY: JWT_SECRET is not set or is using the default placeholder value.
[04-Mar-2026 03:36:10 UTC] SECURITY WARNING: JWT_SECRET is not configured. Set a strong secret in .env
[04-Mar-2026 03:36:12 UTC] SECURITY: JWT_SECRET is not set or is using the default placeholder value.
[04-Mar-2026 03:36:12 UTC] SECURITY WARNING: JWT_SECRET is not configured. Set a strong secret in .env
